---
http_interactions:
- request:
    method: post
    uri: http://localhost:3000/locomotive/api/v3/tokens.json
    body:
      encoding: UTF-8
      string: email=john%40doe.net&password=asimplepassword
    headers:
      User-Agent:
      - Faraday v0.17.4
      Accept:
      - application/json
      Content-Type:
      - application/x-www-form-urlencoded
  response:
    status:
      code: 401
      message: Unauthorized
    headers:
      Content-Type:
      - application/json
      X-Error-Detail:
      - Invalid email or password.
      Cache-Control:
      - no-cache
      X-Request-Id:
      - b4800faa-24d1-4349-8f46-2ebf3fe78d93
      X-Runtime:
      - '0.237031'
      Transfer-Encoding:
      - chunked
    body:
      encoding: UTF-8
      string: '{"message":"Invalid email or password."}'
    http_version: 
  recorded_at: Mon, 06 Sep 2021 07:32:43 GMT
- request:
    method: post
    uri: http://localhost:3000/locomotive/api/v3/my_account.json
    body:
      encoding: UTF-8
      string: account%5Bemail%5D=john%40doe.net&account%5Bname%5D=John&account%5Bpassword%5D=asimplepassword
    headers:
      User-Agent:
      - Faraday v0.17.4
      Accept:
      - application/json
      Content-Type:
      - application/x-www-form-urlencoded
  response:
    status:
      code: 201
      message: Created
    headers:
      Content-Type:
      - application/json
      ETag:
      - W/"b8a082ff7aef9fdf42a18692149ec938"
      Cache-Control:
      - max-age=0, private, must-revalidate
      X-Request-Id:
      - 13d7793d-9752-4fc5-a731-37e7cd41dec5
      X-Runtime:
      - '0.137853'
      Transfer-Encoding:
      - chunked
    body:
      encoding: UTF-8
      string: '{"_id":"6135c41be051bb4523202302","created_at":"2021-09-06T07:32:43Z","updated_at":"2021-09-06T07:32:43Z","name":"John","email":"john@doe.net","locale":"en","api_key":"8cad3f2583f3d754d3cc4db02cfd8f9d0178d2cb","super_admin":false,"local_admin":false}'
    http_version: 
  recorded_at: Mon, 06 Sep 2021 07:32:43 GMT
- request:
    method: post
    uri: http://localhost:3000/locomotive/api/v3/tokens.json
    body:
      encoding: UTF-8
      string: email=admin%40locomotivecms.com&password=locomotive
    headers:
      User-Agent:
      - Faraday v0.17.4
      Accept:
      - application/json
      Content-Type:
      - application/x-www-form-urlencoded
  response:
    status:
      code: 201
      message: Created
    headers:
      Content-Type:
      - application/json
      ETag:
      - W/"393f5701094f57ac521baae6e105c4a9"
      Cache-Control:
      - max-age=0, private, must-revalidate
      X-Request-Id:
      - 41244f89-4a33-4805-b194-ab429bf38102
      X-Runtime:
      - '0.027678'
      Transfer-Encoding:
      - chunked
    body:
      encoding: UTF-8
      string: '{"token":"LM8oaTTFU7Xdte_BsASh"}'
    http_version: 
  recorded_at: Mon, 06 Sep 2021 07:32:43 GMT
- request:
    method: get
    uri: http://localhost:3000/locomotive/api/v3/my_account.json?auth_token=LM8oaTTFU7Xdte_BsASh
    body:
      encoding: US-ASCII
      string: ''
    headers:
      User-Agent:
      - Faraday v0.17.4
      Accept:
      - application/json
      X-Locomotive-Account-Email:
      - admin@locomotivecms.com
      X-Locomotive-Account-Token:
      - LM8oaTTFU7Xdte_BsASh
  response:
    status:
      code: 200
      message: OK
    headers:
      Content-Type:
      - application/json
      ETag:
      - W/"ebfe1cec79dabf08b2f93d0bd987d6b1"
      Cache-Control:
      - max-age=0, private, must-revalidate
      X-Request-Id:
      - fa5df65b-7934-4623-82d0-604a5610d1bb
      X-Runtime:
      - '0.031748'
      Transfer-Encoding:
      - chunked
    body:
      encoding: UTF-8
      string: '{"_id":"6135c3f8e051bb43ee42fd6e","created_at":"2021-09-06T07:32:08Z","updated_at":"2021-09-06T07:32:08Z","name":"Admin","email":"admin@locomotivecms.com","locale":"en","api_key":"d49cd50f6f0d2b163f48fc73cb249f0244c37074","super_admin":true,"local_admin":true}'
    http_version: 
  recorded_at: Mon, 06 Sep 2021 07:32:43 GMT
- request:
    method: get
    uri: http://localhost:3000/locomotive/api/v3/my_account.json?auth_token=LM8oaTTFU7Xdte_BsASh
    body:
      encoding: US-ASCII
      string: ''
    headers:
      User-Agent:
      - Faraday v0.17.4
      Accept:
      - application/json
      X-Locomotive-Account-Email:
      - admin@locomotivecms.com
      X-Locomotive-Account-Token:
      - LM8oaTTFU7Xdte_BsASh
  response:
    status:
      code: 200
      message: OK
    headers:
      Content-Type:
      - application/json
      ETag:
      - W/"ebfe1cec79dabf08b2f93d0bd987d6b1"
      Cache-Control:
      - max-age=0, private, must-revalidate
      X-Request-Id:
      - 1a11d060-baf7-4b16-9208-d384d483ad79
      X-Runtime:
      - '0.025064'
      Transfer-Encoding:
      - chunked
    body:
      encoding: UTF-8
      string: '{"_id":"6135c3f8e051bb43ee42fd6e","created_at":"2021-09-06T07:32:08Z","updated_at":"2021-09-06T07:32:08Z","name":"Admin","email":"admin@locomotivecms.com","locale":"en","api_key":"d49cd50f6f0d2b163f48fc73cb249f0244c37074","super_admin":true,"local_admin":true}'
    http_version: 
  recorded_at: Mon, 06 Sep 2021 07:32:43 GMT
recorded_with: VCR 4.0.0
